<table id="rounded-corner"><tbody></tbody><thead><tr><th scope="col">Increase</th><th scope="col">Place</th><th scope="col">Knight</th><th scope="col">Order</th><th scope="col">Level</th><th scope="col">Loot</th><th scope="col">Ignore</th></tr></thead>
<tbody><tr><td>20</td><td>66</td><td>Arcyksiążę Korsarz</td><td></td><td>218</td><td>490.993.498</td><td><center><button class="btnIgnore" name="button" id="button" onclick="ignoreKnight('Arcyksiążę Korsarz');">x</button></center></td></tr>
<tr><td>0</td><td>1</td><td>Arcyksiążę SebsaNL</td><td>[res]</td><td>429</td><td>3.470.530.269</td><td><center><button class="btnIgnore" name="button" id="button" onclick="ignoreKnight('Arcyksiążę SebsaNL');">x</button></center></td></tr>
<tr><td>0</td><td>2</td><td>Wielka Księżna Sanguis Vocare</td><td></td><td>419</td><td>2.679.089.676</td><td><center><button class="btnIgnore" name="button" id="button" onclick="ignoreKnight('Wielka Księżna Sanguis Vocare');">x</button></center></td></tr>
<tr><td>0</td><td>3</td><td>Arcyksiążę Tobiosz</td><td>[RiR]</td><td>367</td><td>2.169.827.146</td><td><center><button class="btnIgnore" name="button" id="button" onclick="ignoreKnight('Arcyksiążę Tobiosz');">x</button></center></td></tr>
<tr><td>0</td><td>4</td><td>Arcyksiążę Spartanin</td><td>[res]</td><td>380</td><td>2.114.875.844</td><td><center><button class="btnIgnore" name="button" id="button" onclick="ignoreKnight('Arcyksiążę Spartanin');">x</button></center></td></tr>
<tr><td>0</td><td>5</td><td>Arcyksiążę Beerus</td><td>[IMP]</td><td>382</td><td>2.063.400.288</td><td><center><button class="btnIgnore" name="button" id="button" onclick="ignoreKnight('Arcyksiążę Beerus');">x</button></center></td></tr>
<tr><td>0</td><td>6</td><td>Arcyksiążę Armani</td><td></td><td>345</td><td>1.754.598.068</td><td><center><button class="btnIgnore" name="button" id="button" onclick="ignoreKnight('Arcyksiążę Armani');">x</button></center></td></tr>
<tr><td>0</td><td>7</td><td>Arcyksiążę Markus</td><td>[IMP]</td><td>320</td><td>1.609.638.716</td><td><center><button class="btnIgnore" name="button" id="button" onclick="ignoreKnight('Arcyksiążę Markus');">x</button></center></td></tr>
<tr><td>0</td><td>8</td><td>Arcyksiążę Ser wdowis</td><td>[res]</td><td>318</td><td>1.501.341.913</td><td><center><button class="btnIgnore" name="button" id="button" onclick="ignoreKnight('Arcyksiążę Ser wdowis');">x</button></center></td></tr>
<tr><td>0</td><td>9</td><td>Arcyksiążę Blackorwhite</td><td>[RiR]</td><td>314</td><td>1.446.483.612</td><td><center><button class="btnIgnore" name="button" id="button" onclick="ignoreKnight('Arcyksiążę Blackorwhite');">x</button></center></td></tr>
<tr><td>0</td><td>10</td><td>Arcyksiążę PENETRATOR</td><td>[res]</td><td>316</td><td>1.444.493.766</td><td><center><button class="btnIgnore" name="button" id="button" onclick="ignoreKnight('Arcyksiążę PENETRATOR');">x</button></center></td></tr>
<tr><td>0</td><td>11</td><td>Wielki Książę Double U</td><td>[res]</td><td>310</td><td>1.334.657.226</td><td><center><button class="btnIgnore" name="button" id="button" onclick="ignoreKnight('Wielki Książę Double U');">x</button></center></td></tr>
<tr><td>0</td><td>12</td><td>Arcyksiążę CRAZY CEZAR</td><td>[-BAT-]</td><td>348</td><td>1.310.141.091</td><td><center><button class="btnIgnore" name="button" id="button" onclick="ignoreKnight('Arcyksiążę CRAZY CEZAR');">x</button></center></td></tr>
<tr><td>0</td><td>13</td><td>Arcyksiążę Kapikus</td><td>[F-FUN]</td><td>316</td><td>1.288.494.199</td><td><center><button class="btnIgnore" name="button" id="button" onclick="ignoreKnight('Arcyksiążę Kapikus');">x</button></center></td></tr>
<tr><td>0</td><td>14</td><td>Arcyksiążę Const</td><td>[LEGO]</td><td>316</td><td>1.261.002.184</td><td><center><button class="btnIgnore" name="button" id="button" onclick="ignoreKnight('Arcyksiążę Const');">x</button></center></td></tr>
<tr><td>0</td><td>15</td><td>Arcyksiążę Mimir</td><td>[RiR]</td><td>305</td><td>1.233.229.991</td><td><center><button class="btnIgnore" name="button" id="button" onclick="ignoreKnight('Arcyksiążę Mimir');">x</button></center></td></tr>
<tr><td>0</td><td>16</td><td>Arcyksiążę KRZYK</td><td>[W-W]</td><td>321</td><td>1.169.254.131</td><td><center><button class="btnIgnore" name="button" id="button" onclick="ignoreKnight('Arcyksiążę KRZYK');">x</button></center></td></tr>
<tr><td>0</td><td>17</td><td>Arcyksiążę Egon Olsen</td><td>[IMP]</td><td>297</td><td>1.137.306.324</td><td><center><button class="btnIgnore" name="button" id="button" onclick="ignoreKnight('Arcyksiążę Egon Olsen');">x</button></center></td></tr>
<tr><td>0</td><td>18</td><td>Arcyksiążę HUDINGTON</td><td>[res]</td><td>294</td><td>1.082.653.547</td><td><center><button class="btnIgnore" name="button" id="button" onclick="ignoreKnight('Arcyksiążę HUDINGTON');">x</button></center></td></tr>
<tr><td>0</td><td>19</td><td>Arcyksiążę SERBOREK</td><td>[IMP]</td><td>291</td><td>1.063.292.126</td><td><center><button class="btnIgnore" name="button" id="button" onclick="ignoreKnight('Arcyksiążę SERBOREK');">x</button></center></td></tr>
<tr><td>0</td><td>20</td><td>Arcyksiążę William</td><td></td><td>299</td><td>1.041.479.270</td><td><center><button class="btnIgnore" name="button" id="button" onclick="ignoreKnight('Arcyksiążę William');">x</button></center></td></tr>
<tr><td>0</td><td>21</td><td>Arcyksiążę Slavex</td><td>[IMP]</td><td>276</td><td>1.029.974.297</td><td><center><button class="btnIgnore" name="button" id="button" onclick="ignoreKnight('Arcyksiążę Slavex');">x</button></center></td></tr>
<tr><td>0</td><td>22</td><td>Arcyksiążę Mx laser</td><td>[-BAT-]</td><td>287</td><td>1.028.841.881</td><td><center><button class="btnIgnore" name="button" id="button" onclick="ignoreKnight('Arcyksiążę Mx laser');">x</button></center></td></tr>
<tr><td>0</td><td>23</td><td>Arcyksiążę THE DARK 69</td><td>[RiR]</td><td>290</td><td>967.731.832</td><td><center><button class="btnIgnore" name="button" id="button" onclick="ignoreKnight('Arcyksiążę THE DARK 69');">x</button></center></td></tr>
<tr><td>0</td><td>24</td><td>Arcyksiążę julass</td><td>[IMP]</td><td>299</td><td>929.227.292</td><td><center><button class="btnIgnore" name="button" id="button" onclick="ignoreKnight('Arcyksiążę julass');">x</button></center></td></tr>
<tr><td>0</td><td>25</td><td>Arcyksiążę czekolada</td><td>[-BAT-]</td><td>267</td><td>888.799.069</td><td><center><button class="btnIgnore" name="button" id="button" onclick="ignoreKnight('Arcyksiążę czekolada');">x</button></center></td></tr>
<tr><td>0</td><td>26</td><td>Arcyksiążę Bescik</td><td>[res]</td><td>269</td><td>880.692.168</td><td><center><button class="btnIgnore" name="button" id="button" onclick="ignoreKnight('Arcyksiążę Bescik');">x</button></center></td></tr>
<tr><td>0</td><td>27</td><td>Arcyksiążę RyszardGromny</td><td>[IMP]</td><td>278</td><td>879.872.776</td><td><center><button class="btnIgnore" name="button" id="button" onclick="ignoreKnight('Arcyksiążę RyszardGromny');">x</button></center></td></tr>
<tr><td>0</td><td>28</td><td>Arcyksiążę Anders</td><td>[RiR]</td><td>246</td><td>877.528.954</td><td><center><button class="btnIgnore" name="button" id="button" onclick="ignoreKnight('Arcyksiążę Anders');">x</button></center></td></tr>
<tr><td>0</td><td>29</td><td>Arcyksiążę BLECZ</td><td>[RiR]</td><td>273</td><td>859.281.214</td><td><center><button class="btnIgnore" name="button" id="button" onclick="ignoreKnight('Arcyksiążę BLECZ');">x</button></center></td></tr>
<tr><td>0</td><td>30</td><td>Arcyksiężna Lady Karolina</td><td>[res]</td><td>257</td><td>836.388.201</td><td><center><button class="btnIgnore" name="button" id="button" onclick="ignoreKnight('Arcyksiężna Lady Karolina');">x</button></center></td></tr>
<tr><td>0</td><td>31</td><td>Arcyksiążę Riddik</td><td>[res]</td><td>271</td><td>822.809.462</td><td><center><button class="btnIgnore" name="button" id="button" onclick="ignoreKnight('Arcyksiążę Riddik');">x</button></center></td></tr>
<tr><td>0</td><td>32</td><td>Arcyksiążę VISTULA</td><td>[-BAT-]</td><td>278</td><td>820.603.902</td><td><center><button class="btnIgnore" name="button" id="button" onclick="ignoreKnight('Arcyksiążę VISTULA');">x</button></center></td></tr>
<tr><td>0</td><td>33</td><td>Arcyksiążę REPPU</td><td>[IMP]</td><td>268</td><td>816.008.582</td><td><center><button class="btnIgnore" name="button" id="button" onclick="ignoreKnight('Arcyksiążę REPPU');">x</button></center></td></tr>
<tr><td>0</td><td>34</td><td>Arcyksiążę Eskel</td><td>[res]</td><td>233</td><td>803.284.513</td><td><center><button class="btnIgnore" name="button" id="button" onclick="ignoreKnight('Arcyksiążę Eskel');">x</button></center></td></tr>
<tr><td>0</td><td>35</td><td>Arcyksiążę BawariaMaster</td><td>[res]</td><td>248</td><td>757.972.720</td><td><center><button class="btnIgnore" name="button" id="button" onclick="ignoreKnight('Arcyksiążę BawariaMaster');">x</button></center></td></tr>
<tr><td>0</td><td>36</td><td>Arcyksiążę Dark Angel</td><td>[RiR]</td><td>241</td><td>714.904.332</td><td><center><button class="btnIgnore" name="button" id="button" onclick="ignoreKnight('Arcyksiążę Dark Angel');">x</button></center></td></tr>
<tr><td>0</td><td>37</td><td>Arcyksiążę Mandalorian</td><td>[IMP]</td><td>217</td><td>712.352.672</td><td><center><button class="btnIgnore" name="button" id="button" onclick="ignoreKnight('Arcyksiążę Mandalorian');">x</button></center></td></tr>
<tr><td>0</td><td>38</td><td>Arcyksiążę SanchoPansa</td><td></td><td>258</td><td>704.003.902</td><td><center><button class="btnIgnore" name="button" id="button" onclick="ignoreKnight('Arcyksiążę SanchoPansa');">x</button></center></td></tr>
<tr><td>0</td><td>39</td><td>Arcyksiążę Xander s10</td><td>[-BAT-]</td><td>235</td><td>687.229.293</td><td><center><button class="btnIgnore" name="button" id="button" onclick="ignoreKnight('Arcyksiążę Xander s10');">x</button></center></td></tr>
<tr><td>0</td><td>40</td><td>Arcyksiążę wojtex a</td><td>[RiR]</td><td>249</td><td>670.589.672</td><td><center><button class="btnIgnore" name="button" id="button" onclick="ignoreKnight('Arcyksiążę wojtex a');">x</button></center></td></tr>
<tr><td>0</td><td>41</td><td>Arcyksiążę Sir Kiler</td><td>[res]</td><td>260</td><td>661.694.791</td><td><center><button class="btnIgnore" name="button" id="button" onclick="ignoreKnight('Arcyksiążę Sir Kiler');">x</button></center></td></tr>
<tr><td>0</td><td>42</td><td>Arcyksiążę Dziczek</td><td></td><td>227</td><td>653.964.102</td><td><center><button class="btnIgnore" name="button" id="button" onclick="ignoreKnight('Arcyksiążę Dziczek');">x</button></center></td></tr>
<tr><td>0</td><td>43</td><td>Arcyksiążę Zamasu</td><td></td><td>239</td><td>649.869.634</td><td><center><button class="btnIgnore" name="button" id="button" onclick="ignoreKnight('Arcyksiążę Zamasu');">x</button></center></td></tr>
<tr><td>0</td><td>44</td><td>Arcyksiążę Dimzard</td><td>[DZBAN#pl3]</td><td>249</td><td>648.793.138</td><td><center><button class="btnIgnore" name="button" id="button" onclick="ignoreKnight('Arcyksiążę Dimzard');">x</button></center></td></tr>
<tr><td>0</td><td>45</td><td>Arcyksiążę Damianus</td><td>[res]</td><td>226</td><td>629.773.461</td><td><center><button class="btnIgnore" name="button" id="button" onclick="ignoreKnight('Arcyksiążę Damianus');">x</button></center></td></tr>
<tr><td>0</td><td>46</td><td>Wielki Książę Excalibur</td><td>[res]</td><td>229</td><td>626.324.282</td><td><center><button class="btnIgnore" name="button" id="button" onclick="ignoreKnight('Wielki Książę Excalibur');">x</button></center></td></tr>
<tr><td>0</td><td>47</td><td>Arcyksiążę szary</td><td>[(S6)]</td><td>241</td><td>598.354.899</td><td><center><button class="btnIgnore" name="button" id="button" onclick="ignoreKnight('Arcyksiążę szary');">x</button></center></td></tr>
<tr><td>0</td><td>48</td><td>Arcyksiążę DevilDoll#pl3</td><td></td><td>249</td><td>597.693.873</td><td><center><button class="btnIgnore" name="button" id="button" onclick="ignoreKnight('Arcyksiążę DevilDoll#pl3');">x</button></center></td></tr>
<tr><td>0</td><td>49</td><td>Arcyksiążę timidvagrant</td><td>[IMP]</td><td>216</td><td>587.842.746</td><td><center><button class="btnIgnore" name="button" id="button" onclick="ignoreKnight('Arcyksiążę timidvagrant');">x</button></center></td></tr>
<tr><td>0</td><td>50</td><td>Arcyksiążę Muchomorek</td><td>[res]</td><td>235</td><td>586.393.975</td><td><center><button class="btnIgnore" name="button" id="button" onclick="ignoreKnight('Arcyksiążę Muchomorek');">x</button></center></td></tr>
<tr><td>0</td><td>51</td><td>Arcyksiążę Ameno</td><td>[W-W]</td><td>246</td><td>562.793.103</td><td><center><button class="btnIgnore" name="button" id="button" onclick="ignoreKnight('Arcyksiążę Ameno');">x</button></center></td></tr>
<tr><td>0</td><td>52</td><td>Arcyksiążę Chaoss</td><td>[res]</td><td>227</td><td>557.932.383</td><td><center><button class="btnIgnore" name="button" id="button" onclick="ignoreKnight('Arcyksiążę Chaoss');">x</button></center></td></tr>
<tr><td>0</td><td>53</td><td>Arcyksiążę gustaw#pl3</td><td>[RiR]</td><td>208</td><td>552.647.204</td><td><center><button class="btnIgnore" name="button" id="button" onclick="ignoreKnight('Arcyksiążę gustaw#pl3');">x</button></center></td></tr>
<tr><td>0</td><td>54</td><td>Arcyksiążę Sleepy</td><td>[BOR#pl16]</td><td>234</td><td>545.875.889</td><td><center><button class="btnIgnore" name="button" id="button" onclick="ignoreKnight('Arcyksiążę Sleepy');">x</button></center></td></tr>
<tr><td>0</td><td>55</td><td>Arcyksiążę Cassi</td><td>[VIP#pl16]</td><td>225</td><td>533.635.740</td><td><center><button class="btnIgnore" name="button" id="button" onclick="ignoreKnight('Arcyksiążę Cassi');">x</button></center></td></tr>
<tr><td>0</td><td>56</td><td>Arcyksiążę Spiderow</td><td></td><td>233</td><td>532.576.143</td><td><center><button class="btnIgnore" name="button" id="button" onclick="ignoreKnight('Arcyksiążę Spiderow');">x</button></center></td></tr>
<tr><td>0</td><td>57</td><td>Arcyksiążę Lockee</td><td></td><td>206</td><td>526.423.704</td><td><center><button class="btnIgnore" name="button" id="button" onclick="ignoreKnight('Arcyksiążę Lockee');">x</button></center></td></tr>
<tr><td>0</td><td>58</td><td>Arcyksiążę Tatanka Yotanka</td><td>[res]</td><td>147</td><td>519.032.955</td><td><center><button class="btnIgnore" name="button" id="button" onclick="ignoreKnight('Arcyksiążę Tatanka Yotanka');">x</button></center></td></tr>
<tr><td>0</td><td>59</td><td>Arcyksiążę MP KX</td><td>[Aqu]</td><td>208</td><td>508.060.991</td><td><center><button class="btnIgnore" name="button" id="button" onclick="ignoreKnight('Arcyksiążę MP KX');">x</button></center></td></tr>
<tr><td>0</td><td>60</td><td>Arcyksiążę Avari</td><td>[RiR]</td><td>213</td><td>504.707.878</td><td><center><button class="btnIgnore" name="button" id="button" onclick="ignoreKnight('Arcyksiążę Avari');">x</button></center></td></tr>
<tr><td>0</td><td>61</td><td>Wielki Książę Apostol #pl7</td><td>[res]</td><td>201</td><td>503.417.350</td><td><center><button class="btnIgnore" name="button" id="button" onclick="ignoreKnight('Wielki Książę Apostol #pl7');">x</button></center></td></tr>
<tr><td>0</td><td>62</td><td>Arcyksiążę MichalOprych</td><td>[IMP]</td><td>198</td><td>499.653.242</td><td><center><button class="btnIgnore" name="button" id="button" onclick="ignoreKnight('Arcyksiążę MichalOprych');">x</button></center></td></tr>
<tr><td>0</td><td>63</td><td>Arcyksiążę rodgar</td><td>[-BAT-]</td><td>239</td><td>498.493.201</td><td><center><button class="btnIgnore" name="button" id="button" onclick="ignoreKnight('Arcyksiążę rodgar');">x</button></center></td></tr>
<tr><td>0</td><td>64</td><td>Arcyksiążę szymak</td><td>[F-FUN]</td><td>230</td><td>498.263.336</td><td><center><button class="btnIgnore" name="button" id="button" onclick="ignoreKnight('Arcyksiążę szymak');">x</button></center></td></tr>
<tr><td>0</td><td>65</td><td>Hrabina Morrigan</td><td>[IMP]</td><td>219</td><td>494.878.424</td><td><center><button class="btnIgnore" name="button" id="button" onclick="ignoreKnight('Hrabina Morrigan');">x</button></center></td></tr>
<tr><td>0</td><td>67</td><td>Arcyksiążę MUTSU</td><td>[RiR]</td><td>177</td><td>490.244.247</td><td><center><button class="btnIgnore" name="button" id="button" onclick="ignoreKnight('Arcyksiążę MUTSU');">x</button></center></td></tr>
<tr><td>0</td><td>68</td><td>Wielki Książę MOBIUS</td><td>[IMP]</td><td>224</td><td>473.590.774</td><td><center><button class="btnIgnore" name="button" id="button" onclick="ignoreKnight('Wielki Książę MOBIUS');">x</button></center></td></tr>
<tr><td>0</td><td>69</td><td>Arcyksiążę Artan</td><td>[RiR]</td><td>194</td><td>471.428.866</td><td><center><button class="btnIgnore" name="button" id="button" onclick="ignoreKnight('Arcyksiążę Artan');">x</button></center></td></tr>
<tr><td>0</td><td>70</td><td>Arcyksiążę Shadows</td><td>[&gt;DS]</td><td>235</td><td>470.537.537</td><td><center><button class="btnIgnore" name="button" id="button" onclick="ignoreKnight('Arcyksiążę Shadows');">x</button></center></td></tr>
<tr><td>0</td><td>71</td><td>Wielka Księżna Karolina 7</td><td>[RiR]</td><td>209</td><td>469.703.819</td><td><center><button class="btnIgnore" name="button" id="button" onclick="ignoreKnight('Wielka Księżna Karolina 7');">x</button></center></td></tr>
<tr><td>0</td><td>72</td><td>Arcyksiążę Mustafa</td><td>[RiR]</td><td>227</td><td>467.998.274</td><td><center><button class="btnIgnore" name="button" id="button" onclick="ignoreKnight('Arcyksiążę Mustafa');">x</button></center></td></tr>
<tr><td>0</td><td>73</td><td>Arcyksiążę _shift_</td><td>[IMP]</td><td>220</td><td>457.639.207</td><td><center><button class="btnIgnore" name="button" id="button" onclick="ignoreKnight('Arcyksiążę _shift_');">x</button></center></td></tr>
<tr><td>0</td><td>74</td><td>Arcyksiążę Jeanette</td><td>[res]</td><td>201</td><td>457.554.621</td><td><center><button class="btnIgnore" name="button" id="button" onclick="ignoreKnight('Arcyksiążę Jeanette');">x</button></center></td></tr>
<tr><td>0</td><td>75</td><td>Arcyksiążę Chill</td><td>[IMP]</td><td>208</td><td>455.340.841</td><td><center><button class="btnIgnore" name="button" id="button" onclick="ignoreKnight('Arcyksiążę Chill');">x</button></center></td></tr>
<tr><td>0</td><td>76</td><td>Książę Elektor Forrestal</td><td>[Aqu]</td><td>129</td><td>453.695.068</td><td><center><button class="btnIgnore" name="button" id="button" onclick="ignoreKnight('Książę Elektor Forrestal');">x</button></center></td></tr>
<tr><td>0</td><td>77</td><td>Wielki Książę MalyPENETRATOR</td><td>[F-FUN]</td><td>157</td><td>451.117.820</td><td><center><button class="btnIgnore" name="button" id="button" onclick="ignoreKnight('Wielki Książę MalyPENETRATOR');">x</button></center></td></tr>
<tr><td>0</td><td>78</td><td>Arcyksiążę Erovin</td><td>[RiR]</td><td>206</td><td>446.573.441</td><td><center><button class="btnIgnore" name="button" id="button" onclick="ignoreKnight('Arcyksiążę Erovin');">x</button></center></td></tr>
<tr><td>0</td><td>79</td><td>Wielki Książę Andrju</td><td>[IMP]</td><td>203</td><td>445.286.291</td><td><center><button class="btnIgnore" name="button" id="button" onclick="ignoreKnight('Wielki Książę Andrju');">x</button></center></td></tr>
<tr><td>0</td><td>80</td><td>Arcyksiążę DadiM</td><td>[-BAT-]</td><td>197</td><td>441.684.748</td><td><center><button class="btnIgnore" name="button" id="button" onclick="ignoreKnight('Arcyksiążę DadiM');">x</button></center></td></tr>
<tr><td>0</td><td>81</td><td>Wielki Książę bialy lowca nl</td><td>[F-FUN]</td><td>204</td><td>437.020.458</td><td><center><button class="btnIgnore" name="button" id="button" onclick="ignoreKnight('Wielki Książę bialy lowca nl');">x</button></center></td></tr>
<tr><td>0</td><td>82</td><td>Wielki Książę Stary Malvin</td><td>[LEGO]</td><td>161</td><td>433.922.175</td><td><center><button class="btnIgnore" name="button" id="button" onclick="ignoreKnight('Wielki Książę Stary Malvin');">x</button></center></td></tr>
<tr><td>0</td><td>83</td><td>Arcyksiążę Hadess</td><td>[res]</td><td>186</td><td>433.183.924</td><td><center><button class="btnIgnore" name="button" id="button" onclick="ignoreKnight('Arcyksiążę Hadess');">x</button></center></td></tr>
<tr><td>0</td><td>84</td><td>Arcyksiążę Waleczny Q</td><td>[RiR]</td><td>226</td><td>426.355.474</td><td><center><button class="btnIgnore" name="button" id="button" onclick="ignoreKnight('Arcyksiążę Waleczny Q');">x</button></center></td></tr>
<tr><td>0</td><td>85</td><td>Wielka Księżna Anetka</td><td>[NEV]</td><td>200</td><td>425.621.964</td><td><center><button class="btnIgnore" name="button" id="button" onclick="ignoreKnight('Wielka Księżna Anetka');">x</button></center></td></tr>
<tr><td>0</td><td>86</td><td>Arcyksiążę Kitana</td><td>[-BAT-]</td><td>217</td><td>411.103.478</td><td><center><button class="btnIgnore" name="button" id="button" onclick="ignoreKnight('Arcyksiążę Kitana');">x</button></center></td></tr>
<tr><td>0</td><td>87</td><td>Arcyksiążę Mariot I</td><td>[res]</td><td>209</td><td>403.319.142</td><td><center><button class="btnIgnore" name="button" id="button" onclick="ignoreKnight('Arcyksiążę Mariot I');">x</button></center></td></tr>
<tr><td>0</td><td>88</td><td>Arcyksiążę wojtex20</td><td>[res]</td><td>211</td><td>402.309.387</td><td><center><button class="btnIgnore" name="button" id="button" onclick="ignoreKnight('Arcyksiążę wojtex20');">x</button></center></td></tr>
<tr><td>0</td><td>89</td><td>Arcyksiążę Sthern</td><td>[res]</td><td>196</td><td>401.155.427</td><td><center><button class="btnIgnore" name="button" id="button" onclick="ignoreKnight('Arcyksiążę Sthern');">x</button></center></td></tr>
<tr><td>0</td><td>90</td><td>Wielka Księżna Siostra_Basen</td><td></td><td>204</td><td>400.185.837</td><td><center><button class="btnIgnore" name="button" id="button" onclick="ignoreKnight('Wielka Księżna Siostra_Basen');">x</button></center></td></tr>
<tr><td>0</td><td>91</td><td>Arcyksiążę Firewalker</td><td>[res]</td><td>210</td><td>388.645.358</td><td><center><button class="btnIgnore" name="button" id="button" onclick="ignoreKnight('Arcyksiążę Firewalker');">x</button></center></td></tr>
<tr><td>0</td><td>92</td><td>Arcyksiążę Wsciekly Pies Jimi</td><td>[-BAT-]</td><td>197</td><td>387.913.977</td><td><center><button class="btnIgnore" name="button" id="button" onclick="ignoreKnight('Arcyksiążę Wsciekly Pies Jimi');">x</button></center></td></tr>
<tr><td>0</td><td>93</td><td>Arcyksiążę timid</td><td></td><td>202</td><td>387.334.832</td><td><center><button class="btnIgnore" name="button" id="button" onclick="ignoreKnight('Arcyksiążę timid');">x</button></center></td></tr>
<tr><td>0</td><td>94</td><td>Arcyksiążę HADUS</td><td>[RiR]</td><td>202</td><td>384.357.383</td><td><center><button class="btnIgnore" name="button" id="button" onclick="ignoreKnight('Arcyksiążę HADUS');">x</button></center></td></tr>
<tr><td>0</td><td>95</td><td>Arcyksiążę Krzych</td><td>[IMP]</td><td>183</td><td>384.001.910</td><td><center><button class="btnIgnore" name="button" id="button" onclick="ignoreKnight('Arcyksiążę Krzych');">x</button></center></td></tr>
<tr><td>0</td><td>96</td><td>Arcyksiążę Buderan16</td><td>[IMP]</td><td>213</td><td>381.065.771</td><td><center><button class="btnIgnore" name="button" id="button" onclick="ignoreKnight('Arcyksiążę Buderan16');">x</button></center></td></tr>
<tr><td>0</td><td>97</td><td>Arcyksiężna saphira</td><td>[res]</td><td>129</td><td>375.447.388</td><td><center><button class="btnIgnore" name="button" id="button" onclick="ignoreKnight('Arcyksiężna saphira');">x</button></center></td></tr>
<tr><td>0</td><td>98</td><td>Arcyksiążę KEINAN</td><td></td><td>185</td><td>373.909.016</td><td><center><button class="btnIgnore" name="button" id="button" onclick="ignoreKnight('Arcyksiążę KEINAN');">x</button></center></td></tr>
<tr><td>0</td><td>99</td><td>Arcyksiążę fatboy#pl10</td><td>[★GAN★]</td><td>191</td><td>357.521.550</td><td><center><button class="btnIgnore" name="button" id="button" onclick="ignoreKnight('Arcyksiążę fatboy#pl10');">x</button></center></td></tr>
<tr><td>0</td><td>100</td><td>Arcyksiążę Amenhotep</td><td></td><td>219</td><td>356.363.264</td><td><center><button class="btnIgnore" name="button" id="button" onclick="ignoreKnight('Arcyksiążę Amenhotep');">x</button></center></td></tr>
</tbody></table>